<?xml version="1.0" encoding="UTF-8"?>
<testsuites name="jest tests" tests="24" failures="0" errors="0" time="2.293">
  <testsuite name="toEntityArray" errors="0" failures="0" skipped="0" timestamp="2021-12-18T17:16:32" time="1.416" tests="3">
    <testcase classname="toEntityArray convert to typed array correct with returns" name="toEntityArray convert to typed array correct with returns" time="0.003">
    </testcase>
    <testcase classname="toEntityArray verify the structure" name="toEntityArray verify the structure" time="0.001">
    </testcase>
    <testcase classname="getFormateadFirebaseData format timestamp firebase to js date" name="getFormateadFirebaseData format timestamp firebase to js date" time="0">
    </testcase>
  </testsuite>
  <testsuite name="fileUpload" errors="0" failures="0" skipped="0" timestamp="2021-12-18T17:16:32" time="1.479" tests="2">
    <testcase classname="fileUpload upload file success" name="fileUpload upload file success" time="0.002">
    </testcase>
    <testcase classname="fileUpload remove file success" name="fileUpload remove file success" time="0">
    </testcase>
  </testsuite>
  <testsuite name="FireRepository.getAll unit tests" errors="0" failures="0" skipped="0" timestamp="2021-12-18T17:16:32" time="1.538" tests="19">
    <testcase classname="FireRepository.getAll unit tests get all test with results" name="FireRepository.getAll unit tests get all test with results" time="0.004">
    </testcase>
    <testcase classname="FireRepository.getAll unit tests get all test not results" name="FireRepository.getAll unit tests get all test not results" time="0.001">
    </testcase>
    <testcase classname="FireRepository.getAll unit tests get all test with filters" name="FireRepository.getAll unit tests get all test with filters" time="0.001">
    </testcase>
    <testcase classname="FireRepository.getAll unit tests get all test with filters not results" name="FireRepository.getAll unit tests get all test with filters not results" time="0">
    </testcase>
    <testcase classname="FireRepository.getOne unit tests get one with result" name="FireRepository.getOne unit tests get one with result" time="0.001">
    </testcase>
    <testcase classname="FireRepository.getOne unit tests get one with result" name="FireRepository.getOne unit tests get one with result" time="0">
    </testcase>
    <testcase classname="FireRepository.getOne unit tests get one with not found" name="FireRepository.getOne unit tests get one with not found" time="0.018">
    </testcase>
    <testcase classname="FireRepository.getOne unit tests get one verify structure" name="FireRepository.getOne unit tests get one verify structure" time="0.001">
    </testcase>
    <testcase classname="FireRepository.add unit tests add with result" name="FireRepository.add unit tests add with result" time="0">
    </testcase>
    <testcase classname="FireRepository.add unit tests add verify structure" name="FireRepository.add unit tests add verify structure" time="0.001">
    </testcase>
    <testcase classname="FireRepository.add unit tests add with error" name="FireRepository.add unit tests add with error" time="0">
    </testcase>
    <testcase classname="FireRepository.update unit tests update success" name="FireRepository.update unit tests update success" time="0.001">
    </testcase>
    <testcase classname="FireRepository.update unit tests update verify structure" name="FireRepository.update unit tests update verify structure" time="0">
    </testcase>
    <testcase classname="FireRepository.update unit tests update with error" name="FireRepository.update unit tests update with error" time="0.001">
    </testcase>
    <testcase classname="FireRepository.deleteEntity unit tests deleteEntity success" name="FireRepository.deleteEntity unit tests deleteEntity success" time="0">
    </testcase>
    <testcase classname="FireRepository.deleteEntity unit tests deleteEntity with error" name="FireRepository.deleteEntity unit tests deleteEntity with error" time="0.001">
    </testcase>
    <testcase classname="FireRepository.remove unit tests remove success" name="FireRepository.remove unit tests remove success" time="0">
    </testcase>
    <testcase classname="FireRepository.remove unit tests remove with error" name="FireRepository.remove unit tests remove with error" time="0">
    </testcase>
    <testcase classname="FireRepository.getCollection unit tests getCollection test with results" name="FireRepository.getCollection unit tests getCollection test with results" time="0.001">
    </testcase>
  </testsuite>
</testsuites>